Parsed test spec with 2 sessions

starting permutation: s1-create s2-check
step s1-create:
 CREATE EXTENSION citus;

step s2-check:
  SELECT 1 FROM citus_version();

?column?
---------------------------------------------------------------------
       1
(1 row)

?column?
---------------------------------------------------------------------
       1
(1 row)

