Parsed test spec with 3 sessions

starting permutation: s1-start-session-level-connection s1-begin-on-worker s1-update s2-start-session-level-connection s2-begin-on-worker s2-delete s1-commit-worker s2-commit-worker s1-stop-connection s2-stop-connection s3-select-count
create_distributed_table


step s1-start-session-level-connection:
        SELECT start_session_level_connection_to_node('localhost', 57637);

start_session_level_connection_to_node


step s1-begin-on-worker:
        SELECT run_commands_on_session_level_connection_to_node('BEGIN');

run_commands_on_session_level_connection_to_node


step s1-update:
	SELECT run_commands_on_session_level_connection_to_node('UPDATE dist_table SET value=15 WHERE id=5');

run_commands_on_session_level_connection_to_node


step s2-start-session-level-connection:
        SELECT start_session_level_connection_to_node('localhost', 57638);

start_session_level_connection_to_node


step s2-begin-on-worker:
        SELECT run_commands_on_session_level_connection_to_node('BEGIN');

run_commands_on_session_level_connection_to_node


step s2-delete:
	SELECT run_commands_on_session_level_connection_to_node('DELETE FROM dist_table WHERE id=5');

run_commands_on_session_level_connection_to_node


step s1-commit-worker:
	SELECT run_commands_on_session_level_connection_to_node('COMMIT');

run_commands_on_session_level_connection_to_node


step s2-commit-worker:
        SELECT run_commands_on_session_level_connection_to_node('COMMIT');

run_commands_on_session_level_connection_to_node


step s1-stop-connection:
	SELECT stop_session_level_connection_to_node();

stop_session_level_connection_to_node


step s2-stop-connection:
        SELECT stop_session_level_connection_to_node();

stop_session_level_connection_to_node


step s3-select-count:
	SELECT COUNT(*) FROM dist_table;

count

0
restore_isolation_tester_func



starting permutation: s1-start-session-level-connection s1-begin-on-worker s1-delete s2-start-session-level-connection s2-begin-on-worker s2-copy s1-commit-worker s2-commit-worker s1-stop-connection s2-stop-connection s3-select-count
create_distributed_table


step s1-start-session-level-connection:
        SELECT start_session_level_connection_to_node('localhost', 57637);

start_session_level_connection_to_node


step s1-begin-on-worker:
        SELECT run_commands_on_session_level_connection_to_node('BEGIN');

run_commands_on_session_level_connection_to_node


step s1-delete:
	SELECT run_commands_on_session_level_connection_to_node('DELETE FROM dist_table WHERE id=5');

run_commands_on_session_level_connection_to_node


step s2-start-session-level-connection:
        SELECT start_session_level_connection_to_node('localhost', 57638);

start_session_level_connection_to_node


step s2-begin-on-worker:
        SELECT run_commands_on_session_level_connection_to_node('BEGIN');

run_commands_on_session_level_connection_to_node


step s2-copy:
	SELECT run_commands_on_session_level_connection_to_node('COPY dist_table FROM PROGRAM ''echo 5, 50 && echo 9, 90 && echo 10, 100''WITH CSV');

run_commands_on_session_level_connection_to_node


step s1-commit-worker:
	SELECT run_commands_on_session_level_connection_to_node('COMMIT');

run_commands_on_session_level_connection_to_node


step s2-commit-worker:
        SELECT run_commands_on_session_level_connection_to_node('COMMIT');

run_commands_on_session_level_connection_to_node


step s1-stop-connection:
	SELECT stop_session_level_connection_to_node();

stop_session_level_connection_to_node


step s2-stop-connection:
        SELECT stop_session_level_connection_to_node();

stop_session_level_connection_to_node


step s3-select-count:
	SELECT COUNT(*) FROM dist_table;

count

3
restore_isolation_tester_func



starting permutation: s1-start-session-level-connection s1-begin-on-worker s1-update s2-start-session-level-connection s2-begin-on-worker s2-alter-table s1-commit-worker s2-commit-worker s1-stop-connection s2-stop-connection s3-select-count
create_distributed_table


step s1-start-session-level-connection:
        SELECT start_session_level_connection_to_node('localhost', 57637);

start_session_level_connection_to_node


step s1-begin-on-worker:
        SELECT run_commands_on_session_level_connection_to_node('BEGIN');

run_commands_on_session_level_connection_to_node


step s1-update:
	SELECT run_commands_on_session_level_connection_to_node('UPDATE dist_table SET value=15 WHERE id=5');

run_commands_on_session_level_connection_to_node


step s2-start-session-level-connection:
        SELECT start_session_level_connection_to_node('localhost', 57638);

start_session_level_connection_to_node


step s2-begin-on-worker:
        SELECT run_commands_on_session_level_connection_to_node('BEGIN');

run_commands_on_session_level_connection_to_node


step s2-alter-table:
	ALTER TABLE dist_table DROP value;
 <waiting ...>
step s1-commit-worker:
	SELECT run_commands_on_session_level_connection_to_node('COMMIT');

run_commands_on_session_level_connection_to_node


step s2-alter-table: <... completed>
step s2-commit-worker:
        SELECT run_commands_on_session_level_connection_to_node('COMMIT');

run_commands_on_session_level_connection_to_node


step s1-stop-connection:
	SELECT stop_session_level_connection_to_node();

stop_session_level_connection_to_node


step s2-stop-connection:
        SELECT stop_session_level_connection_to_node();

stop_session_level_connection_to_node


step s3-select-count:
	SELECT COUNT(*) FROM dist_table;

count

0
restore_isolation_tester_func



starting permutation: s1-start-session-level-connection s1-begin-on-worker s1-update s2-start-session-level-connection s2-begin-on-worker s2-select-for-update s1-commit-worker s2-commit-worker s1-stop-connection s2-stop-connection
create_distributed_table


step s1-start-session-level-connection:
        SELECT start_session_level_connection_to_node('localhost', 57637);

start_session_level_connection_to_node


step s1-begin-on-worker:
        SELECT run_commands_on_session_level_connection_to_node('BEGIN');

run_commands_on_session_level_connection_to_node


step s1-update:
	SELECT run_commands_on_session_level_connection_to_node('UPDATE dist_table SET value=15 WHERE id=5');

run_commands_on_session_level_connection_to_node


step s2-start-session-level-connection:
        SELECT start_session_level_connection_to_node('localhost', 57638);

start_session_level_connection_to_node


step s2-begin-on-worker:
        SELECT run_commands_on_session_level_connection_to_node('BEGIN');

run_commands_on_session_level_connection_to_node


step s2-select-for-update:
	SELECT run_commands_on_session_level_connection_to_node('SELECT * FROM dist_table WHERE id=5 FOR UPDATE');

run_commands_on_session_level_connection_to_node


step s1-commit-worker:
	SELECT run_commands_on_session_level_connection_to_node('COMMIT');

run_commands_on_session_level_connection_to_node


step s2-commit-worker:
        SELECT run_commands_on_session_level_connection_to_node('COMMIT');

run_commands_on_session_level_connection_to_node


step s1-stop-connection:
	SELECT stop_session_level_connection_to_node();

stop_session_level_connection_to_node


step s2-stop-connection:
        SELECT stop_session_level_connection_to_node();

stop_session_level_connection_to_node


restore_isolation_tester_func


